// Jest Snapshot v1, https://goo.gl/fbAQLP

exports[`Login should render the Login component properly 1`] = `
Object {
  "asFragment": [Function],
  "baseElement": <body>
    <div>
      <form
        class="login-form"
        id="login-form"
      >
        <h1
          class="login-headline"
        >
          Employee Polls
        </h1>
        <div
          class="login-wrapper"
        >
          <label
            class="login-label"
            for="user"
          >
            User
          </label>
          <input
            class="login-input"
            data-testid="user"
            id="user"
            name="User"
            placeholder="Username"
            type="text"
          />
          <label
            class="login-label"
            for="password"
          >
            Password
          </label>
          <input
            class="login-input"
            data-testid="password"
            id="password"
            name="Password"
            placeholder="Password"
            type="password"
          />
        </div>
        <a
          class="login-submit"
          href="/home"
          id="home-link"
        >
          submit
        </a>
      </form>
    </div>
  </body>,
  "container": <div>
    <form
      class="login-form"
      id="login-form"
    >
      <h1
        class="login-headline"
      >
        Employee Polls
      </h1>
      <div
        class="login-wrapper"
      >
        <label
          class="login-label"
          for="user"
        >
          User
        </label>
        <input
          class="login-input"
          data-testid="user"
          id="user"
          name="User"
          placeholder="Username"
          type="text"
        />
        <label
          class="login-label"
          for="password"
        >
          Password
        </label>
        <input
          class="login-input"
          data-testid="password"
          id="password"
          name="Password"
          placeholder="Password"
          type="password"
        />
      </div>
      <a
        class="login-submit"
        href="/home"
        id="home-link"
      >
        submit
      </a>
    </form>
  </div>,
  "debug": [Function],
  "findAllByAltText": [Function],
  "findAllByDisplayValue": [Function],
  "findAllByLabelText": [Function],
  "findAllByPlaceholderText": [Function],
  "findAllByRole": [Function],
  "findAllByTestId": [Function],
  "findAllByText": [Function],
  "findAllByTitle": [Function],
  "findByAltText": [Function],
  "findByDisplayValue": [Function],
  "findByLabelText": [Function],
  "findByPlaceholderText": [Function],
  "findByRole": [Function],
  "findByTestId": [Function],
  "findByText": [Function],
  "findByTitle": [Function],
  "getAllByAltText": [Function],
  "getAllByDisplayValue": [Function],
  "getAllByLabelText": [Function],
  "getAllByPlaceholderText": [Function],
  "getAllByRole": [Function],
  "getAllByTestId": [Function],
  "getAllByText": [Function],
  "getAllByTitle": [Function],
  "getByAltText": [Function],
  "getByDisplayValue": [Function],
  "getByLabelText": [Function],
  "getByPlaceholderText": [Function],
  "getByRole": [Function],
  "getByTestId": [Function],
  "getByText": [Function],
  "getByTitle": [Function],
  "queryAllByAltText": [Function],
  "queryAllByDisplayValue": [Function],
  "queryAllByLabelText": [Function],
  "queryAllByPlaceholderText": [Function],
  "queryAllByRole": [Function],
  "queryAllByTestId": [Function],
  "queryAllByText": [Function],
  "queryAllByTitle": [Function],
  "queryByAltText": [Function],
  "queryByDisplayValue": [Function],
  "queryByLabelText": [Function],
  "queryByPlaceholderText": [Function],
  "queryByRole": [Function],
  "queryByTestId": [Function],
  "queryByText": [Function],
  "queryByTitle": [Function],
  "rerender": [Function],
  "unmount": [Function],
}
`;
