// Jest Snapshot v1, https://goo.gl/fbAQLP

exports[`Nav should have all the links present 1`] = `
Object {
  "asFragment": [Function],
  "baseElement": <body>
    <div>
      <div
        class="nav-wrapper"
      >
        <div
          class="nav-routes"
        >
          <ul
            class="nav-list"
          >
            <a
              href="/home"
            >
              Home
            </a>
            <a
              href="/leaderboard"
            >
              Leaderboard
            </a>
            <a
              href="/add"
            >
              New
            </a>
          </ul>
        </div>
        <div
          class="nav-user"
        >
          <ul
            class="nav-list"
          >
            <div
              class="nav-img-wrapper"
            >
              <img
                alt="just an avatar"
                class="nav-avatar"
                src="https://encrypted-tbn0.gstatic.com/images?q=tbn:ANd9GcS3_juC_cG7iLmwAaK4Mxxy-OtJ52335hZfHhiS5eSHGp9a0C9OY67183F9TV4t01DNILs&usqp=CAU"
              />
            </div>
            <p
              class="nav-userName"
            >
              sarahedo
            </p>
            <a
              href="/"
            >
              Logout
            </a>
          </ul>
        </div>
      </div>
    </div>
  </body>,
  "container": <div>
    <div
      class="nav-wrapper"
    >
      <div
        class="nav-routes"
      >
        <ul
          class="nav-list"
        >
          <a
            href="/home"
          >
            Home
          </a>
          <a
            href="/leaderboard"
          >
            Leaderboard
          </a>
          <a
            href="/add"
          >
            New
          </a>
        </ul>
      </div>
      <div
        class="nav-user"
      >
        <ul
          class="nav-list"
        >
          <div
            class="nav-img-wrapper"
          >
            <img
              alt="just an avatar"
              class="nav-avatar"
              src="https://encrypted-tbn0.gstatic.com/images?q=tbn:ANd9GcS3_juC_cG7iLmwAaK4Mxxy-OtJ52335hZfHhiS5eSHGp9a0C9OY67183F9TV4t01DNILs&usqp=CAU"
            />
          </div>
          <p
            class="nav-userName"
          >
            sarahedo
          </p>
          <a
            href="/"
          >
            Logout
          </a>
        </ul>
      </div>
    </div>
  </div>,
  "debug": [Function],
  "findAllByAltText": [Function],
  "findAllByDisplayValue": [Function],
  "findAllByLabelText": [Function],
  "findAllByPlaceholderText": [Function],
  "findAllByRole": [Function],
  "findAllByTestId": [Function],
  "findAllByText": [Function],
  "findAllByTitle": [Function],
  "findByAltText": [Function],
  "findByDisplayValue": [Function],
  "findByLabelText": [Function],
  "findByPlaceholderText": [Function],
  "findByRole": [Function],
  "findByTestId": [Function],
  "findByText": [Function],
  "findByTitle": [Function],
  "getAllByAltText": [Function],
  "getAllByDisplayValue": [Function],
  "getAllByLabelText": [Function],
  "getAllByPlaceholderText": [Function],
  "getAllByRole": [Function],
  "getAllByTestId": [Function],
  "getAllByText": [Function],
  "getAllByTitle": [Function],
  "getByAltText": [Function],
  "getByDisplayValue": [Function],
  "getByLabelText": [Function],
  "getByPlaceholderText": [Function],
  "getByRole": [Function],
  "getByTestId": [Function],
  "getByText": [Function],
  "getByTitle": [Function],
  "queryAllByAltText": [Function],
  "queryAllByDisplayValue": [Function],
  "queryAllByLabelText": [Function],
  "queryAllByPlaceholderText": [Function],
  "queryAllByRole": [Function],
  "queryAllByTestId": [Function],
  "queryAllByText": [Function],
  "queryAllByTitle": [Function],
  "queryByAltText": [Function],
  "queryByDisplayValue": [Function],
  "queryByLabelText": [Function],
  "queryByPlaceholderText": [Function],
  "queryByRole": [Function],
  "queryByTestId": [Function],
  "queryByText": [Function],
  "queryByTitle": [Function],
  "rerender": [Function],
  "unmount": [Function],
}
`;
