// Jest Snapshot v1, https://goo.gl/fbAQLP

exports[`New should render the component properly and the input fields should have proper values when changed 1`] = `
Object {
  "asFragment": [Function],
  "baseElement": <body>
    <div>
      <div>
        <div
          class="nav-wrapper"
        >
          <div
            class="nav-routes"
          >
            <ul
              class="nav-list"
            >
              <a
                href="/home"
              >
                Home
              </a>
              <a
                href="/leaderboard"
              >
                Leaderboard
              </a>
              <a
                href="/add"
              >
                New
              </a>
            </ul>
          </div>
          <div
            class="nav-user"
          >
            <ul
              class="nav-list"
            >
              <div
                class="nav-img-wrapper"
              >
                <img
                  alt="just an avatar"
                  class="nav-avatar"
                  src="https://encrypted-tbn0.gstatic.com/images?q=tbn:ANd9GcS3_juC_cG7iLmwAaK4Mxxy-OtJ52335hZfHhiS5eSHGp9a0C9OY67183F9TV4t01DNILs&usqp=CAU"
                />
              </div>
              <p
                class="nav-userName"
              >
                sarahedo
              </p>
              <a
                href="/"
              >
                Logout
              </a>
            </ul>
          </div>
        </div>
        <form
          class="new-card-wrapper"
        >
          <h1
            class="new-h1"
          >
            Would You Rather
          </h1>
          <h3
            class="new-subtitle"
          >
            Create Your Own Poll
          </h3>
          <label
            class="new-label"
            for="option-1"
          >
            First Option
          </label>
          <input
            class="new-option-input"
            data-testid="option-1"
            id="option-1"
            placeholder="First Option"
            type="text"
          />
          <label
            class="new-label"
            for="option-2"
          >
            Second Option
          </label>
          <input
            class="new-option-input"
            data-testid="option-2"
            id="option-2"
            placeholder="Second Option"
            type="text"
          />
          <a
            class="new-submit"
            href="/home"
          >
            Submit
          </a>
        </form>
      </div>
    </div>
  </body>,
  "container": <div>
    <div>
      <div
        class="nav-wrapper"
      >
        <div
          class="nav-routes"
        >
          <ul
            class="nav-list"
          >
            <a
              href="/home"
            >
              Home
            </a>
            <a
              href="/leaderboard"
            >
              Leaderboard
            </a>
            <a
              href="/add"
            >
              New
            </a>
          </ul>
        </div>
        <div
          class="nav-user"
        >
          <ul
            class="nav-list"
          >
            <div
              class="nav-img-wrapper"
            >
              <img
                alt="just an avatar"
                class="nav-avatar"
                src="https://encrypted-tbn0.gstatic.com/images?q=tbn:ANd9GcS3_juC_cG7iLmwAaK4Mxxy-OtJ52335hZfHhiS5eSHGp9a0C9OY67183F9TV4t01DNILs&usqp=CAU"
              />
            </div>
            <p
              class="nav-userName"
            >
              sarahedo
            </p>
            <a
              href="/"
            >
              Logout
            </a>
          </ul>
        </div>
      </div>
      <form
        class="new-card-wrapper"
      >
        <h1
          class="new-h1"
        >
          Would You Rather
        </h1>
        <h3
          class="new-subtitle"
        >
          Create Your Own Poll
        </h3>
        <label
          class="new-label"
          for="option-1"
        >
          First Option
        </label>
        <input
          class="new-option-input"
          data-testid="option-1"
          id="option-1"
          placeholder="First Option"
          type="text"
        />
        <label
          class="new-label"
          for="option-2"
        >
          Second Option
        </label>
        <input
          class="new-option-input"
          data-testid="option-2"
          id="option-2"
          placeholder="Second Option"
          type="text"
        />
        <a
          class="new-submit"
          href="/home"
        >
          Submit
        </a>
      </form>
    </div>
  </div>,
  "debug": [Function],
  "findAllByAltText": [Function],
  "findAllByDisplayValue": [Function],
  "findAllByLabelText": [Function],
  "findAllByPlaceholderText": [Function],
  "findAllByRole": [Function],
  "findAllByTestId": [Function],
  "findAllByText": [Function],
  "findAllByTitle": [Function],
  "findByAltText": [Function],
  "findByDisplayValue": [Function],
  "findByLabelText": [Function],
  "findByPlaceholderText": [Function],
  "findByRole": [Function],
  "findByTestId": [Function],
  "findByText": [Function],
  "findByTitle": [Function],
  "getAllByAltText": [Function],
  "getAllByDisplayValue": [Function],
  "getAllByLabelText": [Function],
  "getAllByPlaceholderText": [Function],
  "getAllByRole": [Function],
  "getAllByTestId": [Function],
  "getAllByText": [Function],
  "getAllByTitle": [Function],
  "getByAltText": [Function],
  "getByDisplayValue": [Function],
  "getByLabelText": [Function],
  "getByPlaceholderText": [Function],
  "getByRole": [Function],
  "getByTestId": [Function],
  "getByText": [Function],
  "getByTitle": [Function],
  "queryAllByAltText": [Function],
  "queryAllByDisplayValue": [Function],
  "queryAllByLabelText": [Function],
  "queryAllByPlaceholderText": [Function],
  "queryAllByRole": [Function],
  "queryAllByTestId": [Function],
  "queryAllByText": [Function],
  "queryAllByTitle": [Function],
  "queryByAltText": [Function],
  "queryByDisplayValue": [Function],
  "queryByLabelText": [Function],
  "queryByPlaceholderText": [Function],
  "queryByRole": [Function],
  "queryByTestId": [Function],
  "queryByText": [Function],
  "queryByTitle": [Function],
  "rerender": [Function],
  "unmount": [Function],
}
`;
